****************************************
Report : constraint
        -all_violators
Design : ibex_mini_soc_top
Version: W-2024.09-SP2
Date   : Sun May 10 19:20:32 2026
****************************************

   late_timing
   -----------

Endpoint                         Path Delay     Path Required       CRP    Slack Group    Scenario
----------------------------------------------------------------------------------------------------------
No paths.

   early_timing
   -----------

Endpoint                         Path Delay     Path Required       CRP    Slack Group    Scenario
----------------------------------------------------------------------------------------------------------
No paths.

   Mode: default Corner: default
   Scenario: default
   max_transition                                                              
                             Required        Actual                            
   Net                      Transition     Transition        Slack  Violation  
  ---------------------------------------------------------------------------
   n42673                       0.09           0.11          -0.02  (VIOLATED) 
     PIN : U77142/Y             0.09           0.11          -0.02  (VIOLATED) 

   n7790                        0.09           0.11          -0.02  (VIOLATED) 
     PIN : U9161/Y              0.09           0.11          -0.02  (VIOLATED) 

   n32751                       0.09           0.10          -0.01  (VIOLATED) 
     PIN : U46917/Y             0.09           0.10          -0.01  (VIOLATED) 

   n50243                       0.09           0.10          -0.00  (VIOLATED) 
     PIN : U18187/Y             0.09           0.10          -0.00  (VIOLATED) 

   ZBUF_38_1169                 0.09           0.10          -0.00  (VIOLATED) 
     PIN : ZBUF_38_inst_8257/Y
                                0.09           0.10          -0.00  (VIOLATED) 

   n52340                       0.09           0.10          -0.00  (VIOLATED) 
     PIN : U29371/Y             0.09           0.10          -0.00  (VIOLATED) 

   n52476                       0.09           0.10          -0.00  (VIOLATED) 
     PIN : U30193/Y             0.09           0.10          -0.00  (VIOLATED) 

   n50529                       0.09           0.10          -0.00  (VIOLATED) 
     PIN : U19494/Y             0.09           0.10          -0.00  (VIOLATED) 

  ---------------------------------------------------------------------------
   Number of max_transition violation(s): 8

   Mode: default Corner: default
   Scenario: default
   max_capacitance                                                             
                             Required        Actual                            
   Net                      Capacitance    Capacitance       Slack  Violation  
  ---------------------------------------------------------------------------
   n54836                       8.00          21.91         -13.91  (VIOLATED) 
     PIN : U3193/Y              8.00          21.91         -13.91  (VIOLATED) 

   n50907                       8.00          15.40          -7.40  (VIOLATED) 
     PIN : U22610/Y             8.00          15.40          -7.40  (VIOLATED) 

   ZBUF_1412_1173              64.00          70.51          -6.51  (VIOLATED) 
     PIN : ZBUF_1412_inst_8447/Y
                               64.00          70.51          -6.51  (VIOLATED) 

   n7790                       32.00          37.70          -5.70  (VIOLATED) 
     PIN : U9161/Y             32.00          37.70          -5.70  (VIOLATED) 

   ZBUF_1084_1183              16.00          21.16          -5.16  (VIOLATED) 
     PIN : ZBUF_1084_inst_8634/Y
                               16.00          21.16          -5.16  (VIOLATED) 

   n8061                        8.00          12.22          -4.22  (VIOLATED) 
     PIN : U9715/Y              8.00          12.22          -4.22  (VIOLATED) 

   ZBUF_1209_1171              32.00          36.16          -4.16  (VIOLATED) 
     PIN : ZBUF_1209_inst_8319/Y
                               32.00          36.16          -4.16  (VIOLATED) 

   ZBUF_7685_680               82.00          86.06          -4.06  (VIOLATED) 
     PIN : ZBUF_7685_inst_4496/Y
                               82.00          86.06          -4.06  (VIOLATED) 

   n17712                       8.00          12.05          -4.05  (VIOLATED) 
     PIN : U9381/Y              8.00          12.05          -4.05  (VIOLATED) 

   n17842                      32.00          35.95          -3.95  (VIOLATED) 
     PIN : U9612/Y             32.00          35.95          -3.95  (VIOLATED) 

   ZBUF_2212_1157              64.00          67.63          -3.63  (VIOLATED) 
     PIN : ZBUF_2212_inst_7826/Y
                               64.00          67.63          -3.63  (VIOLATED) 

   n32452                       8.00          11.57          -3.57  (VIOLATED) 
     PIN : U49897/Y             8.00          11.57          -3.57  (VIOLATED) 

   ZBUF_302_1176               32.00          35.38          -3.38  (VIOLATED) 
     PIN : ZBUF_302_inst_8518/Y
                               32.00          35.38          -3.38  (VIOLATED) 

   ZBUF_1469_1094              64.00          67.32          -3.32  (VIOLATED) 
     PIN : ZBUF_1469_inst_6686/Y
                               64.00          67.32          -3.32  (VIOLATED) 

   ZBUF_988_1179               16.00          19.21          -3.21  (VIOLATED) 
     PIN : ZBUF_988_inst_8597/Y
                               16.00          19.21          -3.21  (VIOLATED) 

   n42673                      16.00          19.18          -3.18  (VIOLATED) 
     PIN : U77142/Y            16.00          19.18          -3.18  (VIOLATED) 

   ZBUF_2_353                  16.00          19.06          -3.06  (VIOLATED) 
     PIN : ZBUF_2_inst_2201/Y
                               16.00          19.06          -3.06  (VIOLATED) 

   n56663                      32.00          34.78          -2.78  (VIOLATED) 
     PIN : U49431/Y            32.00          34.78          -2.78  (VIOLATED) 

   ZBUF_1148_1008              32.00          34.69          -2.69  (VIOLATED) 
     PIN : ZBUF_1148_inst_5903/Y
                               32.00          34.69          -2.69  (VIOLATED) 

   n29597                       8.00          10.59          -2.59  (VIOLATED) 
     PIN : U52906/Y             8.00          10.59          -2.59  (VIOLATED) 

   n56679                      32.00          34.40          -2.40  (VIOLATED) 
     PIN : U49488/Y            32.00          34.40          -2.40  (VIOLATED) 

   ZBUF_24_1001                16.00          18.35          -2.35  (VIOLATED) 
     PIN : ZBUF_24_inst_5724/Y
                               16.00          18.35          -2.35  (VIOLATED) 

   n47875                      64.00          66.32          -2.32  (VIOLATED) 
     PIN : U3176/Y             64.00          66.32          -2.32  (VIOLATED) 

   ZBUF_2342_1137              64.00          66.16          -2.16  (VIOLATED) 
     PIN : ZBUF_2342_inst_7385/Y
                               64.00          66.16          -2.16  (VIOLATED) 

   ZBUF_3134_1060              16.00          17.98          -1.98  (VIOLATED) 
     PIN : ZBUF_3134_inst_6416/Y
                               16.00          17.98          -1.98  (VIOLATED) 

   n17808                       8.00           9.98          -1.98  (VIOLATED) 
     PIN : U9559/Y              8.00           9.98          -1.98  (VIOLATED) 

   n32751                      16.00          17.95          -1.95  (VIOLATED) 
     PIN : U46917/Y            16.00          17.95          -1.95  (VIOLATED) 

   n30083                       8.00           9.90          -1.90  (VIOLATED) 
     PIN : U55054/Y             8.00           9.90          -1.90  (VIOLATED) 

   n32151                      32.00          33.77          -1.77  (VIOLATED) 
     PIN : U64384/Y            32.00          33.77          -1.77  (VIOLATED) 

   ZBUF_2_641                  16.00          17.74          -1.74  (VIOLATED) 
     PIN : ZBUF_2_inst_3922/Y
                               16.00          17.74          -1.74  (VIOLATED) 

   ZBUF_1060_1118              64.00          65.74          -1.74  (VIOLATED) 
     PIN : ZBUF_1060_inst_7075/Y
                               64.00          65.74          -1.74  (VIOLATED) 

   n36448                      32.00          33.73          -1.73  (VIOLATED) 
     PIN : U67517/Y            32.00          33.73          -1.73  (VIOLATED) 

   ZBUF_17_1099                16.00          17.70          -1.70  (VIOLATED) 
     PIN : ZBUF_17_inst_6776/Y
                               16.00          17.70          -1.70  (VIOLATED) 

   n17684                       8.00           9.68          -1.68  (VIOLATED) 
     PIN : U9333/Y              8.00           9.68          -1.68  (VIOLATED) 

   ZBUF_2761_1137              64.00          65.65          -1.65  (VIOLATED) 
     PIN : ZBUF_2761_inst_7381/Y
                               64.00          65.65          -1.65  (VIOLATED) 

   n30489                      16.00          17.58          -1.58  (VIOLATED) 
     PIN : U56935/Y            16.00          17.58          -1.58  (VIOLATED) 

   n30720                      16.00          17.55          -1.55  (VIOLATED) 
     PIN : U57836/Y            16.00          17.55          -1.55  (VIOLATED) 

   ZBUF_916_1149               64.00          65.51          -1.51  (VIOLATED) 
     PIN : ZBUF_916_inst_7629/Y
                               64.00          65.51          -1.51  (VIOLATED) 

   n11612                       8.00           9.45          -1.45  (VIOLATED) 
     PIN : U13561/Y             8.00           9.45          -1.45  (VIOLATED) 

   ZBUF_101_1011               16.00          17.39          -1.39  (VIOLATED) 
     PIN : ZBUF_101_inst_6002/Y
                               16.00          17.39          -1.39  (VIOLATED) 

   ZBUF_1410_1118              64.00          65.37          -1.37  (VIOLATED) 
     PIN : ZBUF_1410_inst_7078/Y
                               64.00          65.37          -1.37  (VIOLATED) 

   n46506                       8.00           9.35          -1.35  (VIOLATED) 
     PIN : U80811/Y             8.00           9.35          -1.35  (VIOLATED) 

   ZBUF_617_442                32.00          33.33          -1.33  (VIOLATED) 
     PIN : ZBUF_617_inst_2561/Y
                               32.00          33.33          -1.33  (VIOLATED) 

   ZBUF_906_481                16.00          17.29          -1.29  (VIOLATED) 
     PIN : ZBUF_906_inst_3444/Y
                               16.00          17.29          -1.29  (VIOLATED) 

   n19210                       8.00           9.25          -1.25  (VIOLATED) 
     PIN : U20915/Y             8.00           9.25          -1.25  (VIOLATED) 

   ZBUF_678_1011               16.00          17.23          -1.23  (VIOLATED) 
     PIN : ZBUF_678_inst_5980/Y
                               16.00          17.23          -1.23  (VIOLATED) 

   ZBUF_30_1052                32.00          33.22          -1.22  (VIOLATED) 
     PIN : ZBUF_30_inst_6195/Y
                               32.00          33.22          -1.22  (VIOLATED) 

   n42590                       8.00           9.21          -1.21  (VIOLATED) 
     PIN : U76974/Y             8.00           9.21          -1.21  (VIOLATED) 

   n17872                       8.00           9.21          -1.21  (VIOLATED) 
     PIN : U9673/Y              8.00           9.21          -1.21  (VIOLATED) 

   n35943                       8.00           9.21          -1.21  (VIOLATED) 
     PIN : U70413/Y             8.00           9.21          -1.21  (VIOLATED) 

   ZBUF_32_1115                16.00          17.13          -1.13  (VIOLATED) 
     PIN : ZBUF_32_inst_6984/Y
                               16.00          17.13          -1.13  (VIOLATED) 

   n32772                       8.00           9.08          -1.08  (VIOLATED) 
     PIN : U47034/Y             8.00           9.08          -1.08  (VIOLATED) 

   ZBUF_3482_1009              64.00          65.07          -1.07  (VIOLATED) 
     PIN : ZBUF_3482_inst_5932/Y
                               64.00          65.07          -1.07  (VIOLATED) 

   ZBUF_130_889                16.00          17.06          -1.06  (VIOLATED) 
     PIN : ZBUF_130_inst_5411/Y
                               16.00          17.06          -1.06  (VIOLATED) 

   ZBUF_295_1010               16.00          17.06          -1.06  (VIOLATED) 
     PIN : ZBUF_295_inst_5964/Y
                               16.00          17.06          -1.06  (VIOLATED) 

   n50178                      32.00          33.05          -1.05  (VIOLATED) 
     PIN : U18079/Y            32.00          33.05          -1.05  (VIOLATED) 

   n24160                       8.00           9.04          -1.04  (VIOLATED) 
     PIN : U22867/Y             8.00           9.04          -1.04  (VIOLATED) 

   ZBUF_2_208                  16.00          17.01          -1.01  (VIOLATED) 
     PIN : ZBUF_2_inst_2041/Y
                               16.00          17.01          -1.01  (VIOLATED) 

   n36293                       8.00           8.97          -0.97  (VIOLATED) 
     PIN : U67052/Y             8.00           8.97          -0.97  (VIOLATED) 

   u_ibex_top_u_ibex_core_imd_val_q_ex[56]
                               16.00          16.97          -0.97  (VIOLATED) 
     PIN : u_ibex_top_u_ibex_core_id_stage_i_imd_val_q_reg_0__24_/Q
                               16.00          16.97          -0.97  (VIOLATED) 

   n42591                       8.00           8.96          -0.96  (VIOLATED) 
     PIN : U76921/Y             8.00           8.96          -0.96  (VIOLATED) 

   n45690                       8.00           8.96          -0.96  (VIOLATED) 
     PIN : U80036/Y             8.00           8.96          -0.96  (VIOLATED) 

   n49860                      32.00          32.88          -0.88  (VIOLATED) 
     PIN : U15681/Y            32.00          32.88          -0.88  (VIOLATED) 

   n35509                       8.00           8.87          -0.87  (VIOLATED) 
     PIN : U69984/Y             8.00           8.87          -0.87  (VIOLATED) 

   u_ibex_top_u_ibex_core_cs_registers_i_n[233]
                                8.00           8.87          -0.87  (VIOLATED) 
     PIN : u_ibex_top_u_ibex_core_cs_registers_i_u_mtval_csr_rdata_q_reg_14_/Q
                                8.00           8.87          -0.87  (VIOLATED) 

   ZBUF_1029_1086              64.00          64.80          -0.80  (VIOLATED) 
     PIN : ZBUF_1029_inst_6526/Y
                               64.00          64.80          -0.80  (VIOLATED) 

   n7970                        8.00           8.80          -0.80  (VIOLATED) 
     PIN : U9683/Y              8.00           8.80          -0.80  (VIOLATED) 

   n17870                      32.00          32.78          -0.78  (VIOLATED) 
     PIN : U9668/Y             32.00          32.78          -0.78  (VIOLATED) 

   n28635                      16.00          16.78          -0.78  (VIOLATED) 
     PIN : U45806/Y            16.00          16.78          -0.78  (VIOLATED) 

   n48200                      32.00          32.76          -0.76  (VIOLATED) 
     PIN : U5174/Y             32.00          32.76          -0.76  (VIOLATED) 

   n31714                      16.00          16.76          -0.76  (VIOLATED) 
     PIN : U62350/Y            16.00          16.76          -0.76  (VIOLATED) 

   ZBUF_241_1104               16.00          16.76          -0.76  (VIOLATED) 
     PIN : ZBUF_241_inst_6909/Y
                               16.00          16.76          -0.76  (VIOLATED) 

   n56553                      64.00          64.75          -0.75  (VIOLATED) 
     PIN : U46060/Y            64.00          64.75          -0.75  (VIOLATED) 

   gpio_rdata[16]               8.00           8.73          -0.73  (VIOLATED) 
     PIN : u_gpio_rdata_q_reg_16_/Q
                                8.00           8.73          -0.73  (VIOLATED) 

   ZBUF_724_483                32.00          32.73          -0.73  (VIOLATED) 
     PIN : ZBUF_724_inst_3598/Y
                               32.00          32.73          -0.73  (VIOLATED) 

   n50691                       8.00           8.72          -0.72  (VIOLATED) 
     PIN : U20684/Y             8.00           8.72          -0.72  (VIOLATED) 

   u_ibex_top_u_ibex_core_n[449]
                                8.00           8.71          -0.71  (VIOLATED) 
     PIN : u_ibex_top_u_ibex_core_cs_registers_i_u_mepc_csr_rdata_q_reg_28_/Q
                                8.00           8.71          -0.71  (VIOLATED) 

   n56564                      16.00          16.71          -0.71  (VIOLATED) 
     PIN : U49174/Y            16.00          16.71          -0.71  (VIOLATED) 

   n27482                       8.00           8.70          -0.70  (VIOLATED) 
     PIN : U44371/Y             8.00           8.70          -0.70  (VIOLATED) 

   ZBUF_296_1054               16.00          16.69          -0.69  (VIOLATED) 
     PIN : ZBUF_296_inst_6230/Y
                               16.00          16.69          -0.69  (VIOLATED) 

   n56027                      16.00          16.69          -0.69  (VIOLATED) 
     PIN : U47002/Y            16.00          16.69          -0.69  (VIOLATED) 

   n46304                       8.00           8.68          -0.68  (VIOLATED) 
     PIN : U80521/Y             8.00           8.68          -0.68  (VIOLATED) 

   n40174                       8.00           8.68          -0.68  (VIOLATED) 
     PIN : U74770/Y             8.00           8.68          -0.68  (VIOLATED) 

   ZBUF_2_488                  16.00          16.67          -0.67  (VIOLATED) 
     PIN : ZBUF_2_inst_3712/Y
                               16.00          16.67          -0.67  (VIOLATED) 

   n17840                       8.00           8.66          -0.66  (VIOLATED) 
     PIN : U9608/Y              8.00           8.66          -0.66  (VIOLATED) 

   n41340                       8.00           8.64          -0.64  (VIOLATED) 
     PIN : U75937/Y             8.00           8.64          -0.64  (VIOLATED) 

   n11414                       8.00           8.64          -0.64  (VIOLATED) 
     PIN : U13337/Y             8.00           8.64          -0.64  (VIOLATED) 

   ZBUF_3167_680               64.00          64.64          -0.64  (VIOLATED) 
     PIN : ZBUF_3167_inst_4508/Y
                               64.00          64.64          -0.64  (VIOLATED) 

   n37827                       8.00           8.63          -0.63  (VIOLATED) 
     PIN : U72433/Y             8.00           8.63          -0.63  (VIOLATED) 

   ZBUF_1414_1104              64.00          64.59          -0.59  (VIOLATED) 
     PIN : ZBUF_1414_inst_6912/Y
                               64.00          64.59          -0.59  (VIOLATED) 

   n17764                       8.00           8.58          -0.58  (VIOLATED) 
     PIN : U9475/Y              8.00           8.58          -0.58  (VIOLATED) 

   ZBUF_5254_1174              32.00          32.58          -0.58  (VIOLATED) 
     PIN : ZBUF_5254_inst_8492/Y
                               32.00          32.58          -0.58  (VIOLATED) 

   ZBUF_375_445                16.00          16.58          -0.58  (VIOLATED) 
     PIN : ZBUF_375_inst_2625/Y
                               16.00          16.58          -0.58  (VIOLATED) 

   n48975                      32.00          32.56          -0.56  (VIOLATED) 
     PIN : U9581/Y             32.00          32.56          -0.56  (VIOLATED) 

   ZBUF_2_17                   16.00          16.55          -0.55  (VIOLATED) 
     PIN : ZBUF_2_inst_1834/Y
                               16.00          16.55          -0.55  (VIOLATED) 

   n40298                       8.00           8.54          -0.54  (VIOLATED) 
     PIN : U74903/Y             8.00           8.54          -0.54  (VIOLATED) 

   n42754                       8.00           8.53          -0.53  (VIOLATED) 
     PIN : U77237/Y             8.00           8.53          -0.53  (VIOLATED) 

   ZBUF_720_1164               32.00          32.53          -0.53  (VIOLATED) 
     PIN : ZBUF_720_inst_8105/Y
                               32.00          32.53          -0.53  (VIOLATED) 

   n55704                       8.00           8.52          -0.52  (VIOLATED) 
     PIN : U45886/Y             8.00           8.52          -0.52  (VIOLATED) 

   ZBUF_558_649                16.00          16.52          -0.52  (VIOLATED) 
     PIN : ZBUF_558_inst_4029/Y
                               16.00          16.52          -0.52  (VIOLATED) 

   n31863                       8.00           8.51          -0.51  (VIOLATED) 
     PIN : U47229/Y             8.00           8.51          -0.51  (VIOLATED) 

   n28247                      16.00          16.51          -0.51  (VIOLATED) 
     PIN : U46570/Y            16.00          16.51          -0.51  (VIOLATED) 

   n47868                      64.00          64.51          -0.51  (VIOLATED) 
     PIN : U3164/Y             64.00          64.51          -0.51  (VIOLATED) 

   n38522                       8.00           8.50          -0.50  (VIOLATED) 
     PIN : U73128/Y             8.00           8.50          -0.50  (VIOLATED) 

   n55343                       8.00           8.50          -0.50  (VIOLATED) 
     PIN : U44225/Y             8.00           8.50          -0.50  (VIOLATED) 

   ZBUF_2113_410               16.00          16.50          -0.50  (VIOLATED) 
     PIN : ZBUF_2113_inst_2292/Y
                               16.00          16.50          -0.50  (VIOLATED) 

   n43041                       8.00           8.50          -0.50  (VIOLATED) 
     PIN : U77521/Y             8.00           8.50          -0.50  (VIOLATED) 

   n7797                       32.00          32.50          -0.50  (VIOLATED) 
     PIN : U9179/Y             32.00          32.50          -0.50  (VIOLATED) 

   ZBUF_160_1137               16.00          16.49          -0.49  (VIOLATED) 
     PIN : ZBUF_160_inst_7390/Y
                               16.00          16.49          -0.49  (VIOLATED) 

   n44744                       8.00           8.48          -0.48  (VIOLATED) 
     PIN : U79233/Y             8.00           8.48          -0.48  (VIOLATED) 

   ZBUF_2_907                  16.00          16.48          -0.48  (VIOLATED) 
     PIN : ZBUF_2_inst_5573/Y
                               16.00          16.48          -0.48  (VIOLATED) 

   n36408                       8.00           8.47          -0.47  (VIOLATED) 
     PIN : U67403/Y             8.00           8.47          -0.47  (VIOLATED) 

   n55466                      16.00          16.46          -0.46  (VIOLATED) 
     PIN : U44889/Y            16.00          16.46          -0.46  (VIOLATED) 

   n4853                       16.00          16.46          -0.46  (VIOLATED) 
     PIN : U5829/Y             16.00          16.46          -0.46  (VIOLATED) 

   u_ibex_top_u_ibex_core_cs_registers_i_n[239]
                                8.00           8.42          -0.42  (VIOLATED) 
     PIN : u_ibex_top_u_ibex_core_cs_registers_i_u_mtval_csr_rdata_q_reg_8_/Q
                                8.00           8.42          -0.42  (VIOLATED) 

   ZBUF_107_1011               16.00          16.42          -0.42  (VIOLATED) 
     PIN : ZBUF_107_inst_6004/Y
                               16.00          16.42          -0.42  (VIOLATED) 

   ZINV_1032_891               32.00          32.41          -0.41  (VIOLATED) 
     PIN : ZINV_1032_inst_5524/Y
                               32.00          32.41          -0.41  (VIOLATED) 

   ZBUF_1065_1094              64.00          64.40          -0.40  (VIOLATED) 
     PIN : ZBUF_1065_inst_6691/Y
                               64.00          64.40          -0.40  (VIOLATED) 

   n14024                       8.00           8.39          -0.39  (VIOLATED) 
     PIN : U15687/Y             8.00           8.39          -0.39  (VIOLATED) 

   ZBUF_1106_891               82.00          82.38          -0.38  (VIOLATED) 
     PIN : ZBUF_1106_inst_5528/Y
                               82.00          82.38          -0.38  (VIOLATED) 

   n55062                      16.00          16.36          -0.36  (VIOLATED) 
     PIN : U42652/Y            16.00          16.36          -0.36  (VIOLATED) 

   n55234                       8.00           8.36          -0.36  (VIOLATED) 
     PIN : U43678/Y             8.00           8.36          -0.36  (VIOLATED) 

   n19695                       8.00           8.36          -0.36  (VIOLATED) 
     PIN : U21401/Y             8.00           8.36          -0.36  (VIOLATED) 

   n39497                       8.00           8.36          -0.36  (VIOLATED) 
     PIN : U73987/Y             8.00           8.36          -0.36  (VIOLATED) 

   n53217                       8.00           8.35          -0.35  (VIOLATED) 
     PIN : U33962/Y             8.00           8.35          -0.35  (VIOLATED) 

   n54179                       8.00           8.32          -0.32  (VIOLATED) 
     PIN : U38832/Y             8.00           8.32          -0.32  (VIOLATED) 

   n9802                        8.00           8.32          -0.32  (VIOLATED) 
     PIN : U11620/Y             8.00           8.32          -0.32  (VIOLATED) 

   n52340                      16.00          16.32          -0.32  (VIOLATED) 
     PIN : U29371/Y            16.00          16.32          -0.32  (VIOLATED) 

   ZBUF_2441_887               16.00          16.31          -0.31  (VIOLATED) 
     PIN : ZBUF_2441_inst_5362/Y
                               16.00          16.31          -0.31  (VIOLATED) 

   n42939                       8.00           8.31          -0.31  (VIOLATED) 
     PIN : U77361/Y             8.00           8.31          -0.31  (VIOLATED) 

   n36294                       8.00           8.30          -0.30  (VIOLATED) 
     PIN : U67059/Y             8.00           8.30          -0.30  (VIOLATED) 

   ZBUF_995_1013               16.00          16.30          -0.30  (VIOLATED) 
     PIN : ZBUF_995_inst_6060/Y
                               16.00          16.30          -0.30  (VIOLATED) 

   u_ibex_top_u_ibex_core_n[455]
                                8.00           8.30          -0.30  (VIOLATED) 
     PIN : u_ibex_top_u_ibex_core_cs_registers_i_u_mepc_csr_rdata_q_reg_22_/Q
                                8.00           8.30          -0.30  (VIOLATED) 

   n50243                      16.00          16.29          -0.29  (VIOLATED) 
     PIN : U18187/Y            16.00          16.29          -0.29  (VIOLATED) 

   n55296                       8.00           8.29          -0.29  (VIOLATED) 
     PIN : U43940/Y             8.00           8.29          -0.29  (VIOLATED) 

   n18043                       8.00           8.29          -0.29  (VIOLATED) 
     PIN : U19739/Y             8.00           8.29          -0.29  (VIOLATED) 

   n12214                       8.00           8.29          -0.29  (VIOLATED) 
     PIN : U14170/Y             8.00           8.29          -0.29  (VIOLATED) 

   n36379                       8.00           8.28          -0.28  (VIOLATED) 
     PIN : U67322/Y             8.00           8.28          -0.28  (VIOLATED) 

   n48783                      32.00          32.28          -0.28  (VIOLATED) 
     PIN : U9279/Y             32.00          32.28          -0.28  (VIOLATED) 

   n42035                       8.00           8.28          -0.28  (VIOLATED) 
     PIN : U76632/Y             8.00           8.28          -0.28  (VIOLATED) 

   ZBUF_1360_440               16.00          16.27          -0.27  (VIOLATED) 
     PIN : ZBUF_1360_inst_2473/Y
                               16.00          16.27          -0.27  (VIOLATED) 

   n49896                      16.00          16.27          -0.27  (VIOLATED) 
     PIN : U15730/Y            16.00          16.27          -0.27  (VIOLATED) 

   n50726                       8.00           8.26          -0.26  (VIOLATED) 
     PIN : U20742/Y             8.00           8.26          -0.26  (VIOLATED) 

   n19580                       8.00           8.26          -0.26  (VIOLATED) 
     PIN : U21278/Y             8.00           8.26          -0.26  (VIOLATED) 

   ZBUF_2058_887               32.00          32.25          -0.25  (VIOLATED) 
     PIN : ZBUF_2058_inst_5361/Y
                               32.00          32.25          -0.25  (VIOLATED) 

   n50609                      16.00          16.24          -0.24  (VIOLATED) 
     PIN : U19593/Y            16.00          16.24          -0.24  (VIOLATED) 

   u_ibex_top_u_ibex_core_imd_val_q_ex[46]
                               16.00          16.24          -0.24  (VIOLATED) 
     PIN : u_ibex_top_u_ibex_core_id_stage_i_imd_val_q_reg_0__14_/Q
                               16.00          16.24          -0.24  (VIOLATED) 

   n36348                       8.00           8.24          -0.24  (VIOLATED) 
     PIN : U67232/Y             8.00           8.24          -0.24  (VIOLATED) 

   n32052                       8.00           8.24          -0.24  (VIOLATED) 
     PIN : U63902/Y             8.00           8.24          -0.24  (VIOLATED) 

   n14497                       8.00           8.24          -0.24  (VIOLATED) 
     PIN : U16330/Y             8.00           8.24          -0.24  (VIOLATED) 

   n54075                       8.00           8.23          -0.23  (VIOLATED) 
     PIN : U38291/Y             8.00           8.23          -0.23  (VIOLATED) 

   n50164                      16.00          16.22          -0.22  (VIOLATED) 
     PIN : U18056/Y            16.00          16.22          -0.22  (VIOLATED) 

   n50529                      16.00          16.21          -0.21  (VIOLATED) 
     PIN : U19494/Y            16.00          16.21          -0.21  (VIOLATED) 

   n43448                       8.00           8.20          -0.20  (VIOLATED) 
     PIN : U77931/Y             8.00           8.20          -0.20  (VIOLATED) 

   ZBUF_724_442                32.00          32.19          -0.19  (VIOLATED) 
     PIN : ZBUF_724_inst_2555/Y
                               32.00          32.19          -0.19  (VIOLATED) 

   u_ibex_top_u_ibex_core_n[459]
                                8.00           8.19          -0.19  (VIOLATED) 
     PIN : u_ibex_top_u_ibex_core_cs_registers_i_u_mepc_csr_rdata_q_reg_18_/Q
                                8.00           8.19          -0.19  (VIOLATED) 

   u_ibex_top_u_ibex_core_n[447]
                                8.00           8.19          -0.19  (VIOLATED) 
     PIN : u_ibex_top_u_ibex_core_cs_registers_i_u_mepc_csr_rdata_q_reg_30_/Q
                                8.00           8.19          -0.19  (VIOLATED) 

   n32752                       8.00           8.18          -0.18  (VIOLATED) 
     PIN : U66719/Y             8.00           8.18          -0.18  (VIOLATED) 

   n48836                      16.00          16.18          -0.18  (VIOLATED) 
     PIN : U9360/Y             16.00          16.18          -0.18  (VIOLATED) 

   n32631                       8.00           8.17          -0.17  (VIOLATED) 
     PIN : U46571/Y             8.00           8.17          -0.17  (VIOLATED) 

   n49734                      16.00          16.17          -0.17  (VIOLATED) 
     PIN : U15509/Y            16.00          16.17          -0.17  (VIOLATED) 

   ZBUF_324_440                16.00          16.16          -0.16  (VIOLATED) 
     PIN : ZBUF_324_inst_2478/Y
                               16.00          16.16          -0.16  (VIOLATED) 

   n52476                      16.00          16.16          -0.16  (VIOLATED) 
     PIN : U30193/Y            16.00          16.16          -0.16  (VIOLATED) 

   n54320                       8.00           8.16          -0.16  (VIOLATED) 
     PIN : U39429/Y             8.00           8.16          -0.16  (VIOLATED) 

   u_ibex_top_u_ibex_core_cs_registers_i_n[225]
                                8.00           8.16          -0.16  (VIOLATED) 
     PIN : u_ibex_top_u_ibex_core_cs_registers_i_u_mtval_csr_rdata_q_reg_22_/Q
                                8.00           8.16          -0.16  (VIOLATED) 

   n29328                       8.00           8.15          -0.15  (VIOLATED) 
     PIN : U51741/Y             8.00           8.15          -0.15  (VIOLATED) 

   n53256                       8.00           8.14          -0.14  (VIOLATED) 
     PIN : U34020/Y             8.00           8.14          -0.14  (VIOLATED) 

   n49056                      32.00          32.13          -0.13  (VIOLATED) 
     PIN : U9706/Y             32.00          32.13          -0.13  (VIOLATED) 

   n54789                      16.00          16.13          -0.13  (VIOLATED) 
     PIN : U42041/Y            16.00          16.13          -0.13  (VIOLATED) 

   ZBUF_2815_1058              64.00          64.13          -0.13  (VIOLATED) 
     PIN : ZBUF_2815_inst_6381/Y
                               64.00          64.13          -0.13  (VIOLATED) 

   ZBUF_1152_1058              64.00          64.12          -0.12  (VIOLATED) 
     PIN : ZBUF_1152_inst_6380/Y
                               64.00          64.12          -0.12  (VIOLATED) 

   n50697                       8.00           8.12          -0.12  (VIOLATED) 
     PIN : U20693/Y             8.00           8.12          -0.12  (VIOLATED) 

   n48960                      16.00          16.12          -0.12  (VIOLATED) 
     PIN : U9555/Y             16.00          16.12          -0.12  (VIOLATED) 

   n16489                       8.00           8.12          -0.12  (VIOLATED) 
     PIN : U18035/Y             8.00           8.12          -0.12  (VIOLATED) 

   n37920                       8.00           8.11          -0.11  (VIOLATED) 
     PIN : U72490/Y             8.00           8.11          -0.11  (VIOLATED) 

   instr_rdata[17]              8.00           8.11          -0.11  (VIOLATED) 
     PIN : u_imem_rdata_q_reg_17_/Q
                                8.00           8.11          -0.11  (VIOLATED) 

   ZBUF_634_469                16.00          16.11          -0.11  (VIOLATED) 
     PIN : ZBUF_634_inst_3216/Y
                               16.00          16.11          -0.11  (VIOLATED) 

   n53632                       8.00           8.11          -0.11  (VIOLATED) 
     PIN : U36108/Y             8.00           8.11          -0.11  (VIOLATED) 

   n48884                      16.00          16.10          -0.10  (VIOLATED) 
     PIN : U9436/Y             16.00          16.10          -0.10  (VIOLATED) 

   n15547                       8.00           8.10          -0.10  (VIOLATED) 
     PIN : U17307/Y             8.00           8.10          -0.10  (VIOLATED) 

   ZBUF_285_450                16.00          16.10          -0.10  (VIOLATED) 
     PIN : ZBUF_285_inst_2759/Y
                               16.00          16.10          -0.10  (VIOLATED) 

   n49831                      32.00          32.10          -0.10  (VIOLATED) 
     PIN : U15642/Y            32.00          32.10          -0.10  (VIOLATED) 

   n50187                      32.00          32.09          -0.09  (VIOLATED) 
     PIN : U18095/Y            32.00          32.09          -0.09  (VIOLATED) 

   n52834                       8.00           8.09          -0.09  (VIOLATED) 
     PIN : U32269/Y             8.00           8.09          -0.09  (VIOLATED) 

   n32378                       8.00           8.09          -0.09  (VIOLATED) 
     PIN : U65251/Y             8.00           8.09          -0.09  (VIOLATED) 

   ZBUF_2349_887               32.00          32.09          -0.09  (VIOLATED) 
     PIN : ZBUF_2349_inst_5367/Y
                               32.00          32.09          -0.09  (VIOLATED) 

   n17592                       8.00           8.09          -0.09  (VIOLATED) 
     PIN : U9156/Y              8.00           8.09          -0.09  (VIOLATED) 

   n54701                       8.00           8.08          -0.08  (VIOLATED) 
     PIN : U41533/Y             8.00           8.08          -0.08  (VIOLATED) 

   n53319                       8.00           8.08          -0.08  (VIOLATED) 
     PIN : U34365/Y             8.00           8.08          -0.08  (VIOLATED) 

   n53034                       8.00           8.08          -0.08  (VIOLATED) 
     PIN : U32995/Y             8.00           8.08          -0.08  (VIOLATED) 

   n36355                       8.00           8.08          -0.08  (VIOLATED) 
     PIN : U67247/Y             8.00           8.08          -0.08  (VIOLATED) 

   ZBUF_2_414                  16.00          16.07          -0.07  (VIOLATED) 
     PIN : ZBUF_2_inst_2303/Y
                               16.00          16.07          -0.07  (VIOLATED) 

   n47254                       8.00           8.07          -0.07  (VIOLATED) 
     PIN : U81443/Y             8.00           8.07          -0.07  (VIOLATED) 

   n53561                       8.00           8.07          -0.07  (VIOLATED) 
     PIN : U35628/Y             8.00           8.07          -0.07  (VIOLATED) 

   n54031                       8.00           8.07          -0.07  (VIOLATED) 
     PIN : U37968/Y             8.00           8.07          -0.07  (VIOLATED) 

   ZBUF_38_1169                16.00          16.07          -0.07  (VIOLATED) 
     PIN : ZBUF_38_inst_8257/Y
                               16.00          16.07          -0.07  (VIOLATED) 

   n55155                       8.00           8.07          -0.07  (VIOLATED) 
     PIN : U43183/Y             8.00           8.07          -0.07  (VIOLATED) 

   n25554                       8.00           8.07          -0.07  (VIOLATED) 
     PIN : U37847/Y             8.00           8.07          -0.07  (VIOLATED) 

   n52214                       8.00           8.06          -0.06  (VIOLATED) 
     PIN : U28714/Y             8.00           8.06          -0.06  (VIOLATED) 

   n33218                       8.00           8.06          -0.06  (VIOLATED) 
     PIN : U67791/Y             8.00           8.06          -0.06  (VIOLATED) 

   ZBUF_1916_1051              64.00          64.06          -0.06  (VIOLATED) 
     PIN : ZBUF_1916_inst_6194/Y
                               64.00          64.06          -0.06  (VIOLATED) 

   n53549                       8.00           8.06          -0.06  (VIOLATED) 
     PIN : U35609/Y             8.00           8.06          -0.06  (VIOLATED) 

   n53307                       8.00           8.06          -0.06  (VIOLATED) 
     PIN : U34304/Y             8.00           8.06          -0.06  (VIOLATED) 

   ZBUF_1998_1137              16.00          16.06          -0.06  (VIOLATED) 
     PIN : ZBUF_1998_inst_7393/Y
                               16.00          16.06          -0.06  (VIOLATED) 

   n36346                       8.00           8.06          -0.06  (VIOLATED) 
     PIN : U67223/Y             8.00           8.06          -0.06  (VIOLATED) 

   n52739                       8.00           8.05          -0.05  (VIOLATED) 
     PIN : U31661/Y             8.00           8.05          -0.05  (VIOLATED) 

   n6138                        8.00           8.05          -0.05  (VIOLATED) 
     PIN : U6529/Y              8.00           8.05          -0.05  (VIOLATED) 

   n48564                      32.00          32.04          -0.04  (VIOLATED) 
     PIN : U8478/Y             32.00          32.04          -0.04  (VIOLATED) 

   n53178                       8.00           8.04          -0.04  (VIOLATED) 
     PIN : U33787/Y             8.00           8.04          -0.04  (VIOLATED) 

   n12852                       8.00           8.04          -0.04  (VIOLATED) 
     PIN : U14684/Y             8.00           8.04          -0.04  (VIOLATED) 

   n53998                       8.00           8.04          -0.04  (VIOLATED) 
     PIN : U37789/Y             8.00           8.04          -0.04  (VIOLATED) 

   n5553                        8.00           8.03          -0.03  (VIOLATED) 
     PIN : U6665/Y              8.00           8.03          -0.03  (VIOLATED) 

   n29223                       8.00           8.03          -0.03  (VIOLATED) 
     PIN : U51252/Y             8.00           8.03          -0.03  (VIOLATED) 

   n14373                       8.00           8.03          -0.03  (VIOLATED) 
     PIN : U16202/Y             8.00           8.03          -0.03  (VIOLATED) 

   n53076                       8.00           8.03          -0.03  (VIOLATED) 
     PIN : U33289/Y             8.00           8.03          -0.03  (VIOLATED) 

   n36557                       8.00           8.03          -0.03  (VIOLATED) 
     PIN : U71165/Y             8.00           8.03          -0.03  (VIOLATED) 

   n52857                       8.00           8.03          -0.03  (VIOLATED) 
     PIN : U32301/Y             8.00           8.03          -0.03  (VIOLATED) 

   n36371                       8.00           8.03          -0.03  (VIOLATED) 
     PIN : U67303/Y             8.00           8.03          -0.03  (VIOLATED) 

   n54340                       8.00           8.03          -0.03  (VIOLATED) 
     PIN : U39551/Y             8.00           8.03          -0.03  (VIOLATED) 

   n52062                      16.00          16.02          -0.02  (VIOLATED) 
     PIN : U27990/Y            16.00          16.02          -0.02  (VIOLATED) 

   n49364                      16.00          16.02          -0.02  (VIOLATED) 
     PIN : U12067/Y            16.00          16.02          -0.02  (VIOLATED) 

   n38523                       8.00           8.02          -0.02  (VIOLATED) 
     PIN : U73123/Y             8.00           8.02          -0.02  (VIOLATED) 

   n54590                       8.00           8.02          -0.02  (VIOLATED) 
     PIN : U40939/Y             8.00           8.02          -0.02  (VIOLATED) 

   n47126                       8.00           8.01          -0.01  (VIOLATED) 
     PIN : U81263/Y             8.00           8.01          -0.01  (VIOLATED) 

   n42733                       8.00           8.01          -0.01  (VIOLATED) 
     PIN : U77216/Y             8.00           8.01          -0.01  (VIOLATED) 

   n36407                       8.00           8.01          -0.01  (VIOLATED) 
     PIN : U67399/Y             8.00           8.01          -0.01  (VIOLATED) 

   n56666                      16.00          16.01          -0.01  (VIOLATED) 
     PIN : U46662/Y            16.00          16.01          -0.01  (VIOLATED) 

   n8059                        8.00           8.01          -0.01  (VIOLATED) 
     PIN : U9687/Y              8.00           8.01          -0.01  (VIOLATED) 

  ---------------------------------------------------------------------------
   Number of max_capacitance violation(s): 228


   Mode: default Corner: default
   Scenario: default
  ---------------------------------------------------------------------------
   Number of min_capacitance violation(s): 0

  Mode: default
  Corner: default
  Scenario: default

  ---------------------------------------------------------------------------
   Number of min_pulse_width violation(s): 0
   Total number of violation(s): 236
1
