Information: The value of option cts.compile.enable_cell_relocation has been overridden to "leaf_only" to support latency-driven placement. (CTS-973)
****************************************
Report : report clock qor
        -type area
Design : ibex_mini_soc_top
Version: W-2024.09-SP2
Date   : Sun May 10 12:37:41 2026
****************************************


==========================
==== Area (per clock) ====
==========================

Clock                                 Sinks          Clock          Clock          Clock          Clock          Sinks           Sink
                                 (balanced)     Cell Count        Stdcell       Repeater       Repeater     (physical)        Stdcell          Macro
                                                (non sink)           Area          Count           Area                          Area           Area
------------------------------------------------------------------------------------------------------------------------------------------------------
clk                                   34884            880        3379.86            879        3377.83          34884      231809.32           0.00
------------------------------------------------------------------------------------------------------------------------------------------------------
Total                                 34884            880        3379.86            879        3377.83          34884      231809.32           0.00

Type                               Instance           Unit          Total           Cell             Vt             Vt
                                      Count           Area           Area           Type          Group           Type


=================================
==== Area (per library cell) ====
=================================

===== Summary =====
Type                               Instance           Unit          Total           Cell             Vt             Vt
                                      Count           Area           Area           Type          Group           Type
------------------------------------------------------------------------------------------------------------------------
Clock Repeaters                         879              -        3377.83              -              -              -
Other Network Cells                       1              -           2.03              -              -              -
Standard Cell Sinks                   34884              -      231809.32              -              -              -
Macro Cells                               0              -           0.00              -              -              -

===== Clock Repeaters =====
Type                               Instance           Unit          Total           Cell             Vt             Vt
                                      Count           Area           Area           Type          Group           Type
------------------------------------------------------------------------------------------------------------------------
IBUFFX32_LVT                              1          11.69          11.69       Inverter saed32cell_lvt              -
INVX2_LVT                                 4           1.52           6.10       Inverter saed32cell_lvt              -
INVX2_RVT                                 4           1.52           6.10       Inverter saed32cell_svt              -
INVX4_LVT                                 6           2.03          12.20       Inverter saed32cell_lvt              -
INVX4_RVT                                17           2.03          34.56       Inverter saed32cell_svt              -
INVX8_HVT                               328           3.05        1000.31       Inverter saed32cell_hvt              -
INVX8_LVT                                25           3.05          76.24       Inverter saed32cell_lvt              -
INVX8_RVT                               174           3.05         530.65       Inverter saed32cell_svt              -
INVX16_HVT                               49           5.08         249.06       Inverter saed32cell_hvt              -
INVX16_LVT                               19           5.08          96.57       Inverter saed32cell_lvt              -
INVX16_RVT                               12           5.08          60.99       Inverter saed32cell_svt              -
INVX32_HVT                               16           9.15         146.39       Inverter saed32cell_hvt              -
INVX32_LVT                               14           9.15         128.09       Inverter saed32cell_lvt              -
INVX32_RVT                               13           9.15         118.94       Inverter saed32cell_svt              -
NBUFFX2_LVT                               1           2.03           2.03         Buffer saed32cell_lvt              -
NBUFFX2_RVT                               9           2.03          18.30         Buffer saed32cell_svt              -
NBUFFX4_HVT                               3           2.54           7.62         Buffer saed32cell_hvt              -
NBUFFX4_LVT                              15           2.54          38.12         Buffer saed32cell_lvt              -
NBUFFX4_RVT                              11           2.54          27.96         Buffer saed32cell_svt              -
NBUFFX8_HVT                              10           3.81          38.12         Buffer saed32cell_hvt              -
NBUFFX8_LVT                              20           3.81          76.24         Buffer saed32cell_lvt              -
NBUFFX8_RVT                              81           3.81         308.78         Buffer saed32cell_svt              -
NBUFFX16_HVT                             10           6.10          60.99         Buffer saed32cell_hvt              -
NBUFFX16_LVT                              2           6.10          12.20         Buffer saed32cell_lvt              -
NBUFFX16_RVT                             14           6.10          85.39         Buffer saed32cell_svt              -
NBUFFX32_HVT                             15          10.67         160.11         Buffer saed32cell_hvt              -
NBUFFX32_LVT                              3          10.67          32.02         Buffer saed32cell_lvt              -
NBUFFX32_RVT                              3          10.67          32.02         Buffer saed32cell_svt              -
------------------------------------------------------------------------------------------------------------------------
Total                                   879              -        3377.83              -              -              -

===== Other Network Cells =====
Type                               Instance           Unit          Total           Cell             Vt             Vt
                                      Count           Area           Area           Type          Group           Type
------------------------------------------------------------------------------------------------------------------------
AND2X1_RVT                                1           2.03           2.03  Combinational saed32cell_svt              -
------------------------------------------------------------------------------------------------------------------------
Total                                     1              -           2.03              -              -              -

===== Standard Cell Sinks =====
Type                               Instance           Unit          Total           Cell             Vt             Vt
                                      Count           Area           Area           Type          Group           Type
------------------------------------------------------------------------------------------------------------------------
DFFARX1_HVT                            1710           7.12       12168.41           Flop saed32cell_hvt              -
DFFARX2_HVT                              98           7.88         772.09           Flop saed32cell_hvt              -
DFFASX1_HVT                              37           7.12         263.29           Flop saed32cell_hvt              -
DFFX1_HVT                             32749           6.61      216397.01           Flop saed32cell_hvt              -
DFFX2_HVT                               289           7.62        2203.43           Flop saed32cell_hvt              -
LATCHX1_HVT                               1           5.08           5.08          Latch saed32cell_hvt              -
------------------------------------------------------------------------------------------------------------------------
Total                                 34884              -      231809.32              -              -              -

===== Macro Cells =====
Type                               Instance           Unit          Total           Cell             Vt             Vt
                                      Count           Area           Area           Type          Group           Type
------------------------------------------------------------------------------------------------------------------------
------------------------------------------------------------------------------------------------------------------------
Total                                     0              -           0.00              -              -              -



==============================
==== Area (per hierarchy) ====
==============================

Hierarchy                             Sinks          Clock          Clock          Clock          Clock          Sinks           Sink
                                 (balanced)     Cell Count        Stdcell       Repeater       Repeater     (physical)        Stdcell          Macro
                                                (non sink)           Area          Count           Area                          Area           Area
------------------------------------------------------------------------------------------------------------------------------------------------------
ibex_mini_soc_top                     34884            880        3379.86            879        3377.83          34884      231809.32           0.00
------------------------------------------------------------------------------------------------------------------------------------------------------
Total                                 34884            880        3379.86            879        3377.83          34884      231809.32           0.00

1
