****************************************
Report : constraint
        -all_violators
Design : ibex_mini_soc_top
Version: W-2024.09-SP2
Date   : Sun May 10 22:36:10 2026
****************************************

   late_timing
   -----------

Endpoint                         Path Delay     Path Required       CRP    Slack Group    Scenario
----------------------------------------------------------------------------------------------------------
No paths.

   early_timing
   -----------

Endpoint                         Path Delay     Path Required       CRP    Slack Group    Scenario
----------------------------------------------------------------------------------------------------------
No paths.

   Mode: default Corner: default
   Scenario: default
   max_transition                                                              
                             Required        Actual                            
   Net                      Transition     Transition        Slack  Violation  
  ---------------------------------------------------------------------------
   n48499                       0.09           0.09           0.00  (MET)      

  ---------------------------------------------------------------------------
   Number of max_transition violation(s): 0

   Mode: default Corner: default
   Scenario: default
   max_capacitance                                                             
                             Required        Actual                            
   Net                      Capacitance    Capacitance       Slack  Violation  
  ---------------------------------------------------------------------------
   n49555                      15.50          16.00          -0.50  (VIOLATED) 
     PIN : U13303/Y            15.50          16.00          -0.50  (VIOLATED) 

   ZBUF_259_1196               15.50          16.00          -0.50  (VIOLATED) 
     PIN : ZBUF_259_inst_8705/Y
                               15.50          16.00          -0.50  (VIOLATED) 

   n42733                       7.50           8.00          -0.50  (VIOLATED) 
     PIN : U77216/Y             7.50           8.00          -0.50  (VIOLATED) 

   ZBUF_1069_1170              15.50          16.00          -0.50  (VIOLATED) 
     PIN : ZBUF_1069_inst_8294/Y
                               15.50          16.00          -0.50  (VIOLATED) 

   n48446                       7.50           7.95          -0.45  (VIOLATED) 
     PIN : U7539/Y              7.50           7.95          -0.45  (VIOLATED) 

  ---------------------------------------------------------------------------
   Number of max_capacitance violation(s): 5


   Mode: default Corner: default
   Scenario: default
  ---------------------------------------------------------------------------
   Number of min_capacitance violation(s): 0

  Mode: default
  Corner: default
  Scenario: default

  ---------------------------------------------------------------------------
   Number of min_pulse_width violation(s): 0
   Total number of violation(s): 5
1
