****************************************
Report : app_option
Design : ibex_mini_soc_top
Version: W-2024.09-SP2
Date   : Sun May 10 12:55:09 2026
****************************************
Name                                                          Type                   Value      User-value   User-default System-default Scope      Status     Source
------------------------------------------------------------- ---------------------- ---------- ------------ ------------ -------------- ---------- ---------- ---------------------------------------------------------------------------------------
route.common.extra_via_off_grid_cost_multiplier_by_layer_name list_of {string float} {VIA1 20}  {{VIA1 20}}  --           --             block      normal     /DATA/home/edu135/ibex/4_Backend_ICC2/0_Script/99_debug/probe_route_drc_variant.tcl:207
------------------------------------------------------------- ---------------------- ---------- ------------ ------------ -------------- ---------- ---------- ---------------------------------------------------------------------------------------
1
