****************************************
Report : Reference Library Report
Library: ibex_mini_soc_top_icc2_lib
Version: W-2024.09-SP2
Date   : Sat May  9 21:40:51 2026
****************************************

    Name         Path                                                                         Location
    --------------------------------------------------------------------------------------------------
*+  saed32rvt_tt /DATA/home/edu135/ibex/4_Backend_ICC2/2_Output/00_setup/ndm/saed32rvt_tt.ndm /DATA/home/edu135/ibex/4_Backend_ICC2/2_Output/00_setup/ndm/saed32rvt_tt.ndm
*+  saed32lvt_tt /DATA/home/edu135/ibex/4_Backend_ICC2/2_Output/00_setup/ndm/saed32lvt_tt.ndm /DATA/home/edu135/ibex/4_Backend_ICC2/2_Output/00_setup/ndm/saed32lvt_tt.ndm
*+  saed32hvt_tt /DATA/home/edu135/ibex/4_Backend_ICC2/2_Output/00_setup/ndm/saed32hvt_tt.ndm /DATA/home/edu135/ibex/4_Backend_ICC2/2_Output/00_setup/ndm/saed32hvt_tt.ndm
    "*" = Library currently open
    "+" = Library has technology information
1
