****************************************
Report : app_option
Design : ibex_mini_soc_top
Version: W-2024.09-SP2
Date   : Sun May 10 09:14:38 2026
****************************************
Name                                                     Type       Value      User-value   User-default System-default Scope      Status     Source
-------------------------------------------------------- ---------- ---------- ------------ ------------ -------------- ---------- ---------- ----------
route.auto_via_ladder.check_drcs_on_existing_via_ladders bool       false      --           --           false          block      normal     --
-------------------------------------------------------- ---------- ---------- ------------ ------------ -------------- ---------- ---------- ----------
****************************************
Report : app_option
Design : ibex_mini_soc_top
Version: W-2024.09-SP2
Date   : Sun May 10 09:14:38 2026
****************************************
Name                        Type       Value      User-value   User-default System-default Scope      Status     Source
--------------------------- ---------- ---------- ------------ ------------ -------------- ---------- ---------- ----------
route.auto_via_ladder.clean bool       false      --           --           false          block      normal     --
--------------------------- ---------- ---------- ------------ ------------ -------------- ---------- ---------- ----------
****************************************
Report : app_option
Design : ibex_mini_soc_top
Version: W-2024.09-SP2
Date   : Sun May 10 09:14:38 2026
****************************************
Name                                       Type       Value      User-value   User-default System-default Scope      Status     Source
------------------------------------------ ---------- ---------- ------------ ------------ -------------- ---------- ---------- ----------
route.auto_via_ladder.connect_within_metal bool       false      --           --           false          block      normal     --
------------------------------------------ ---------- ---------- ------------ ------------ -------------- ---------- ---------- ----------
****************************************
Report : app_option
Design : ibex_mini_soc_top
Version: W-2024.09-SP2
Date   : Sun May 10 09:14:38 2026
****************************************
Name                                                Type       Value      User-value   User-default System-default Scope      Status     Source
--------------------------------------------------- ---------- ---------- ------------ ------------ -------------- ---------- ---------- ----------
route.auto_via_ladder.allow_via_array_as_single_cut bool       true       --           --           true           block      normal     --
--------------------------------------------------- ---------- ---------- ------------ ------------ -------------- ---------- ---------- ----------
1
